// Jest Snapshot v1, https://goo.gl/fbAQLP

exports[`Hello world is displayed 1`] = `
<div
  className="app"
>
  <h1>
     Hello, World! 
  </h1>
</div>
`;
